Archive member included to satisfy reference by file (symbol)

c:/ac6/systemworkbench/plugins/fr.ac6.mcu.externaltools.arm-none.win32_1.17.0.201812190825/tools/compiler/bin/../lib/gcc/arm-none-eabi/7.3.1/thumb/v7-m\libgcc.a(_aeabi_ldivmod.o)
                              DS1302/ds1302.o (__aeabi_ldivmod)
c:/ac6/systemworkbench/plugins/fr.ac6.mcu.externaltools.arm-none.win32_1.17.0.201812190825/tools/compiler/bin/../lib/gcc/arm-none-eabi/7.3.1/thumb/v7-m\libgcc.a(_udivmoddi4.o)
                              c:/ac6/systemworkbench/plugins/fr.ac6.mcu.externaltools.arm-none.win32_1.17.0.201812190825/tools/compiler/bin/../lib/gcc/arm-none-eabi/7.3.1/thumb/v7-m\libgcc.a(_aeabi_ldivmod.o) (__udivmoddi4)
c:/ac6/systemworkbench/plugins/fr.ac6.mcu.externaltools.arm-none.win32_1.17.0.201812190825/tools/compiler/bin/../lib/gcc/arm-none-eabi/7.3.1/thumb/v7-m\libgcc.a(_dvmd_tls.o)
                              c:/ac6/systemworkbench/plugins/fr.ac6.mcu.externaltools.arm-none.win32_1.17.0.201812190825/tools/compiler/bin/../lib/gcc/arm-none-eabi/7.3.1/thumb/v7-m\libgcc.a(_aeabi_ldivmod.o) (__aeabi_ldiv0)
c:/ac6/systemworkbench/plugins/fr.ac6.mcu.externaltools.arm-none.win32_1.17.0.201812190825/tools/compiler/bin/../lib/gcc/arm-none-eabi/7.3.1/../../../../arm-none-eabi/lib/thumb/v7-m\libc_nano.a(lib_a-errno.o)
                              Src/syscalls.o (__errno)
c:/ac6/systemworkbench/plugins/fr.ac6.mcu.externaltools.arm-none.win32_1.17.0.201812190825/tools/compiler/bin/../lib/gcc/arm-none-eabi/7.3.1/../../../../arm-none-eabi/lib/thumb/v7-m\libc_nano.a(lib_a-exit.o)
                              c:/ac6/systemworkbench/plugins/fr.ac6.mcu.externaltools.arm-none.win32_1.17.0.201812190825/tools/compiler/bin/../lib/gcc/arm-none-eabi/7.3.1/../../../../arm-none-eabi/lib/thumb/v7-m/crt0.o (exit)
c:/ac6/systemworkbench/plugins/fr.ac6.mcu.externaltools.arm-none.win32_1.17.0.201812190825/tools/compiler/bin/../lib/gcc/arm-none-eabi/7.3.1/../../../../arm-none-eabi/lib/thumb/v7-m\libc_nano.a(lib_a-impure.o)
                              c:/ac6/systemworkbench/plugins/fr.ac6.mcu.externaltools.arm-none.win32_1.17.0.201812190825/tools/compiler/bin/../lib/gcc/arm-none-eabi/7.3.1/../../../../arm-none-eabi/lib/thumb/v7-m\libc_nano.a(lib_a-exit.o) (_global_impure_ptr)
c:/ac6/systemworkbench/plugins/fr.ac6.mcu.externaltools.arm-none.win32_1.17.0.201812190825/tools/compiler/bin/../lib/gcc/arm-none-eabi/7.3.1/../../../../arm-none-eabi/lib/thumb/v7-m\libc_nano.a(lib_a-init.o)
                              c:/ac6/systemworkbench/plugins/fr.ac6.mcu.externaltools.arm-none.win32_1.17.0.201812190825/tools/compiler/bin/../lib/gcc/arm-none-eabi/7.3.1/../../../../arm-none-eabi/lib/thumb/v7-m/crt0.o (__libc_init_array)
c:/ac6/systemworkbench/plugins/fr.ac6.mcu.externaltools.arm-none.win32_1.17.0.201812190825/tools/compiler/bin/../lib/gcc/arm-none-eabi/7.3.1/../../../../arm-none-eabi/lib/thumb/v7-m\libc_nano.a(lib_a-memcpy-stub.o)
                              DS1302/ds1302.o (memcpy)
c:/ac6/systemworkbench/plugins/fr.ac6.mcu.externaltools.arm-none.win32_1.17.0.201812190825/tools/compiler/bin/../lib/gcc/arm-none-eabi/7.3.1/../../../../arm-none-eabi/lib/thumb/v7-m\libc_nano.a(lib_a-memset.o)
                              c:/ac6/systemworkbench/plugins/fr.ac6.mcu.externaltools.arm-none.win32_1.17.0.201812190825/tools/compiler/bin/../lib/gcc/arm-none-eabi/7.3.1/../../../../arm-none-eabi/lib/thumb/v7-m/crt0.o (memset)
c:/ac6/systemworkbench/plugins/fr.ac6.mcu.externaltools.arm-none.win32_1.17.0.201812190825/tools/compiler/bin/../lib/gcc/arm-none-eabi/7.3.1/../../../../arm-none-eabi/lib/thumb/v7-m\libc_nano.a(lib_a-strcmp.o)
                              Src/main.o (strcmp)
c:/ac6/systemworkbench/plugins/fr.ac6.mcu.externaltools.arm-none.win32_1.17.0.201812190825/tools/compiler/bin/../lib/gcc/arm-none-eabi/7.3.1/../../../../arm-none-eabi/lib/thumb/v7-m\libc_nano.a(lib_a-strlen.o)
                              Src/main.o (strlen)
c:/ac6/systemworkbench/plugins/fr.ac6.mcu.externaltools.arm-none.win32_1.17.0.201812190825/tools/compiler/bin/../lib/gcc/arm-none-eabi/7.3.1/../../../../arm-none-eabi/lib/thumb/v7-m\libc_nano.a(lib_a-strncat.o)
                              sdbg/sdbg.o (strncat)

Allocating common symbols
Common symbol       size              file

Transfer_cplt       0x1               Src/main.o
Rx_indx             0x1               Src/main.o
Rx_data             0x2               Src/main.o
uwTick              0x4               Drivers/STM32F1xx_HAL_Driver/stm32f1xx_hal.o
pFlash              0x20              Drivers/STM32F1xx_HAL_Driver/stm32f1xx_hal_flash.o
htim3               0x48              Src/main.o
hdma_usart1_tx      0x44              Src/main.o
hdma_usart1_rx      0x44              Src/main.o
huart1              0x40              Src/main.o
Rx_Buffer           0x64              Src/main.o
hspi1               0x58              Src/main.o

Discarded input sections

[...]
Memory Configuration

Name             Origin             Length             Attributes
RAM              0x20000000         0x00005000         xrw
FLASH            0x08000000         0x00010000         xr
*default*        0x00000000         0xffffffff

Linker script and memory map

LOAD c:/ac6/systemworkbench/plugins/fr.ac6.mcu.externaltools.arm-none.win32_1.17.0.201812190825/tools/compiler/bin/../lib/gcc/arm-none-eabi/7.3.1/thumb/v7-m/crti.o
LOAD c:/ac6/systemworkbench/plugins/fr.ac6.mcu.externaltools.arm-none.win32_1.17.0.201812190825/tools/compiler/bin/../lib/gcc/arm-none-eabi/7.3.1/thumb/v7-m/crtbegin.o
LOAD c:/ac6/systemworkbench/plugins/fr.ac6.mcu.externaltools.arm-none.win32_1.17.0.201812190825/tools/compiler/bin/../lib/gcc/arm-none-eabi/7.3.1/../../../../arm-none-eabi/lib/thumb/v7-m/crt0.o
LOAD DS1302/ds1302.o
LOAD Drivers/STM32F1xx_HAL_Driver/stm32f1xx_hal.o
LOAD Drivers/STM32F1xx_HAL_Driver/stm32f1xx_hal_cortex.o
LOAD Drivers/STM32F1xx_HAL_Driver/stm32f1xx_hal_dma.o
LOAD Drivers/STM32F1xx_HAL_Driver/stm32f1xx_hal_exti.o
LOAD Drivers/STM32F1xx_HAL_Driver/stm32f1xx_hal_flash.o
LOAD Drivers/STM32F1xx_HAL_Driver/stm32f1xx_hal_flash_ex.o
LOAD Drivers/STM32F1xx_HAL_Driver/stm32f1xx_hal_gpio.o
LOAD Drivers/STM32F1xx_HAL_Driver/stm32f1xx_hal_gpio_ex.o
LOAD Drivers/STM32F1xx_HAL_Driver/stm32f1xx_hal_pwr.o
LOAD Drivers/STM32F1xx_HAL_Driver/stm32f1xx_hal_rcc.o
LOAD Drivers/STM32F1xx_HAL_Driver/stm32f1xx_hal_rcc_ex.o
LOAD Drivers/STM32F1xx_HAL_Driver/stm32f1xx_hal_spi.o
LOAD Drivers/STM32F1xx_HAL_Driver/stm32f1xx_hal_tim.o
LOAD Drivers/STM32F1xx_HAL_Driver/stm32f1xx_hal_tim_ex.o
LOAD Drivers/STM32F1xx_HAL_Driver/stm32f1xx_hal_uart.o
LOAD Src/main.o
LOAD Src/stm32f1xx_hal_msp.o
LOAD Src/stm32f1xx_it.o
LOAD Src/syscalls.o
LOAD Src/system_stm32f1xx.o
LOAD sdbg/sdbg.o
LOAD startup/startup_stm32f103xb.o
LOAD c:/ac6/systemworkbench/plugins/fr.ac6.mcu.externaltools.arm-none.win32_1.17.0.201812190825/tools/compiler/bin/../lib/gcc/arm-none-eabi/7.3.1/../../../../arm-none-eabi/lib/thumb/v7-m\libm.a
START GROUP
LOAD c:/ac6/systemworkbench/plugins/fr.ac6.mcu.externaltools.arm-none.win32_1.17.0.201812190825/tools/compiler/bin/../lib/gcc/arm-none-eabi/7.3.1/thumb/v7-m\libgcc.a
LOAD c:/ac6/systemworkbench/plugins/fr.ac6.mcu.externaltools.arm-none.win32_1.17.0.201812190825/tools/compiler/bin/../lib/gcc/arm-none-eabi/7.3.1/../../../../arm-none-eabi/lib/thumb/v7-m\libc_nano.a
END GROUP
START GROUP
LOAD c:/ac6/systemworkbench/plugins/fr.ac6.mcu.externaltools.arm-none.win32_1.17.0.201812190825/tools/compiler/bin/../lib/gcc/arm-none-eabi/7.3.1/thumb/v7-m\libgcc.a
LOAD c:/ac6/systemworkbench/plugins/fr.ac6.mcu.externaltools.arm-none.win32_1.17.0.201812190825/tools/compiler/bin/../lib/gcc/arm-none-eabi/7.3.1/../../../../arm-none-eabi/lib/thumb/v7-m\libc_nano.a
LOAD c:/ac6/systemworkbench/plugins/fr.ac6.mcu.externaltools.arm-none.win32_1.17.0.201812190825/tools/compiler/bin/../lib/gcc/arm-none-eabi/7.3.1/../../../../arm-none-eabi/lib/thumb/v7-m\libnosys.a
END GROUP
START GROUP
LOAD c:/ac6/systemworkbench/plugins/fr.ac6.mcu.externaltools.arm-none.win32_1.17.0.201812190825/tools/compiler/bin/../lib/gcc/arm-none-eabi/7.3.1/thumb/v7-m\libgcc.a
LOAD c:/ac6/systemworkbench/plugins/fr.ac6.mcu.externaltools.arm-none.win32_1.17.0.201812190825/tools/compiler/bin/../lib/gcc/arm-none-eabi/7.3.1/../../../../arm-none-eabi/lib/thumb/v7-m\libc_nano.a
LOAD c:/ac6/systemworkbench/plugins/fr.ac6.mcu.externaltools.arm-none.win32_1.17.0.201812190825/tools/compiler/bin/../lib/gcc/arm-none-eabi/7.3.1/../../../../arm-none-eabi/lib/thumb/v7-m\libnosys.a
END GROUP
LOAD c:/ac6/systemworkbench/plugins/fr.ac6.mcu.externaltools.arm-none.win32_1.17.0.201812190825/tools/compiler/bin/../lib/gcc/arm-none-eabi/7.3.1/thumb/v7-m/crtend.o
LOAD c:/ac6/systemworkbench/plugins/fr.ac6.mcu.externaltools.arm-none.win32_1.17.0.201812190825/tools/compiler/bin/../lib/gcc/arm-none-eabi/7.3.1/thumb/v7-m/crtn.o
                0x20005000                _estack = 0x20005000
                0x00000200                _Min_Heap_Size = 0x200
                0x00000400                _Min_Stack_Size = 0x400

.isr_vector     0x08000000      0x10c
                0x08000000                . = ALIGN (0x4)
 *(.isr_vector)
 .isr_vector    0x08000000      0x10c startup/startup_stm32f103xb.o
                0x08000000                g_pfnVectors
                0x0800010c                . = ALIGN (0x4)

.text           0x08000110     0x44e0
                0x08000110                . = ALIGN (0x4)
 *(.text)
 .text          0x08000110       0x40 c:/ac6/systemworkbench/plugins/fr.ac6.mcu.externaltools.arm-none.win32_1.17.0.201812190825/tools/compiler/bin/../lib/gcc/arm-none-eabi/7.3.1/thumb/v7-m/crtbegin.o
 .text          0x08000150       0xa0 c:/ac6/systemworkbench/plugins/fr.ac6.mcu.externaltools.arm-none.win32_1.17.0.201812190825/tools/compiler/bin/../lib/gcc/arm-none-eabi/7.3.1/thumb/v7-m\libgcc.a(_aeabi_ldivmod.o)
                0x08000150                __aeabi_ldivmod
 .text          0x080001f0      0x2d0 c:/ac6/systemworkbench/plugins/fr.ac6.mcu.externaltools.arm-none.win32_1.17.0.201812190825/tools/compiler/bin/../lib/gcc/arm-none-eabi/7.3.1/thumb/v7-m\libgcc.a(_udivmoddi4.o)
                0x080001f0                __udivmoddi4
 .text          0x080004c0        0x4 c:/ac6/systemworkbench/plugins/fr.ac6.mcu.externaltools.arm-none.win32_1.17.0.201812190825/tools/compiler/bin/../lib/gcc/arm-none-eabi/7.3.1/thumb/v7-m\libgcc.a(_dvmd_tls.o)
                0x080004c0                __aeabi_idiv0
                0x080004c0                __aeabi_ldiv0
 .text          0x080004c4       0x14 c:/ac6/systemworkbench/plugins/fr.ac6.mcu.externaltools.arm-none.win32_1.17.0.201812190825/tools/compiler/bin/../lib/gcc/arm-none-eabi/7.3.1/../../../../arm-none-eabi/lib/thumb/v7-m\libc_nano.a(lib_a-strcmp.o)
                0x080004c4                strcmp
 .text          0x080004d8       0x10 c:/ac6/systemworkbench/plugins/fr.ac6.mcu.externaltools.arm-none.win32_1.17.0.201812190825/tools/compiler/bin/../lib/gcc/arm-none-eabi/7.3.1/../../../../arm-none-eabi/lib/thumb/v7-m\libc_nano.a(lib_a-strlen.o)
                0x080004d8                strlen
 *(.text*)
 .text.ds1302_Read1Byte
                0x080004e8       0xd0 DS1302/ds1302.o
 .text.ds1302_ReadNBytes
                0x080005b8      0x136 DS1302/ds1302.o
 *fill*         0x080006ee        0x2 
 .text.ds1302_getDelay
                0x080006f0      0x1b8 DS1302/ds1302.o
 .text.DS1302_Init
                0x080008a8       0x9e DS1302/ds1302.o
                0x080008a8                DS1302_Init
 .text.DS1302_Write
                0x08000946       0x4c DS1302/ds1302.o
                0x08000946                DS1302_Write
 .text.DS1302_Read
                0x08000992       0xa6 DS1302/ds1302.o
                0x08000992                DS1302_Read
 .text.DS1302_setTime
                0x08000a38      0x2e4 DS1302/ds1302.o
                0x08000a38                DS1302_setTime
 .text.DS1302_updateDateTime
                0x08000d1c      0x1b0 DS1302/ds1302.o
                0x08000d1c                DS1302_updateDateTime
 .text.HAL_Init
                0x08000ecc       0x2c Drivers/STM32F1xx_HAL_Driver/stm32f1xx_hal.o
                0x08000ecc                HAL_Init
 .text.HAL_InitTick
                0x08000ef8       0x60 Drivers/STM32F1xx_HAL_Driver/stm32f1xx_hal.o
                0x08000ef8                HAL_InitTick
 .text.HAL_IncTick
                0x08000f58       0x24 Drivers/STM32F1xx_HAL_Driver/stm32f1xx_hal.o
                0x08000f58                HAL_IncTick
 .text.HAL_GetTick
                0x08000f7c       0x14 Drivers/STM32F1xx_HAL_Driver/stm32f1xx_hal.o
                0x08000f7c                HAL_GetTick
 .text.__NVIC_SetPriorityGrouping
                0x08000f90       0x48 Drivers/STM32F1xx_HAL_Driver/stm32f1xx_hal_cortex.o
 .text.__NVIC_GetPriorityGrouping
                0x08000fd8       0x1c Drivers/STM32F1xx_HAL_Driver/stm32f1xx_hal_cortex.o
 .text.__NVIC_EnableIRQ
                0x08000ff4       0x38 Drivers/STM32F1xx_HAL_Driver/stm32f1xx_hal_cortex.o
 .text.__NVIC_SetPriority
                0x0800102c       0x54 Drivers/STM32F1xx_HAL_Driver/stm32f1xx_hal_cortex.o
 .text.NVIC_EncodePriority
                0x08001080       0x64 Drivers/STM32F1xx_HAL_Driver/stm32f1xx_hal_cortex.o
 .text.SysTick_Config
                0x080010e4       0x44 Drivers/STM32F1xx_HAL_Driver/stm32f1xx_hal_cortex.o
 .text.HAL_NVIC_SetPriorityGrouping
                0x08001128       0x16 Drivers/STM32F1xx_HAL_Driver/stm32f1xx_hal_cortex.o
                0x08001128                HAL_NVIC_SetPriorityGrouping
 .text.HAL_NVIC_SetPriority
                0x0800113e       0x38 Drivers/STM32F1xx_HAL_Driver/stm32f1xx_hal_cortex.o
                0x0800113e                HAL_NVIC_SetPriority
 .text.HAL_NVIC_EnableIRQ
                0x08001176       0x1c Drivers/STM32F1xx_HAL_Driver/stm32f1xx_hal_cortex.o
                0x08001176                HAL_NVIC_EnableIRQ
 .text.HAL_SYSTICK_Config
                0x08001192       0x18 Drivers/STM32F1xx_HAL_Driver/stm32f1xx_hal_cortex.o
                0x08001192                HAL_SYSTICK_Config
 *fill*         0x080011aa        0x2 
 .text.HAL_DMA_Init
                0x080011ac       0xb4 Drivers/STM32F1xx_HAL_Driver/stm32f1xx_hal_dma.o
                0x080011ac                HAL_DMA_Init
 .text.HAL_DMA_Start_IT
                0x08001260       0xbe Drivers/STM32F1xx_HAL_Driver/stm32f1xx_hal_dma.o
                0x08001260                HAL_DMA_Start_IT
 *fill*         0x0800131e        0x2 
 .text.HAL_DMA_Abort_IT
                0x08001320       0xec Drivers/STM32F1xx_HAL_Driver/stm32f1xx_hal_dma.o
                0x08001320                HAL_DMA_Abort_IT
 .text.HAL_DMA_IRQHandler
                0x0800140c      0x20c Drivers/STM32F1xx_HAL_Driver/stm32f1xx_hal_dma.o
                0x0800140c                HAL_DMA_IRQHandler
 .text.DMA_SetConfig
                0x08001618       0x5a Drivers/STM32F1xx_HAL_Driver/stm32f1xx_hal_dma.o
 *fill*         0x08001672        0x2 
 .text.HAL_GPIO_Init
                0x08001674      0x2b4 Drivers/STM32F1xx_HAL_Driver/stm32f1xx_hal_gpio.o
                0x08001674                HAL_GPIO_Init
 .text.HAL_GPIO_WritePin
                0x08001928       0x30 Drivers/STM32F1xx_HAL_Driver/stm32f1xx_hal_gpio.o
                0x08001928                HAL_GPIO_WritePin
 .text.HAL_GPIO_TogglePin
                0x08001958       0x32 Drivers/STM32F1xx_HAL_Driver/stm32f1xx_hal_gpio.o
                0x08001958                HAL_GPIO_TogglePin
 *fill*         0x0800198a        0x2 
 .text.HAL_RCC_OscConfig
                0x0800198c      0x500 Drivers/STM32F1xx_HAL_Driver/stm32f1xx_hal_rcc.o
                0x0800198c                HAL_RCC_OscConfig
 .text.HAL_RCC_ClockConfig
                0x08001e8c      0x1d4 Drivers/STM32F1xx_HAL_Driver/stm32f1xx_hal_rcc.o
                0x08001e8c                HAL_RCC_ClockConfig
 .text.HAL_RCC_GetSysClockFreq
                0x08002060       0xc4 Drivers/STM32F1xx_HAL_Driver/stm32f1xx_hal_rcc.o
                0x08002060                HAL_RCC_GetSysClockFreq
 .text.HAL_RCC_GetHCLKFreq
                0x08002124       0x14 Drivers/STM32F1xx_HAL_Driver/stm32f1xx_hal_rcc.o
                0x08002124                HAL_RCC_GetHCLKFreq
 .text.HAL_RCC_GetPCLK1Freq
                0x08002138       0x28 Drivers/STM32F1xx_HAL_Driver/stm32f1xx_hal_rcc.o
                0x08002138                HAL_RCC_GetPCLK1Freq
 .text.HAL_RCC_GetPCLK2Freq
                0x08002160       0x28 Drivers/STM32F1xx_HAL_Driver/stm32f1xx_hal_rcc.o
                0x08002160                HAL_RCC_GetPCLK2Freq
 .text.RCC_Delay
                0x08002188       0x3c Drivers/STM32F1xx_HAL_Driver/stm32f1xx_hal_rcc.o
 .text.HAL_SPI_Init
                0x080021c4      0x108 Drivers/STM32F1xx_HAL_Driver/stm32f1xx_hal_spi.o
                0x080021c4                HAL_SPI_Init
 .text.HAL_SPI_Transmit
                0x080022cc      0x278 Drivers/STM32F1xx_HAL_Driver/stm32f1xx_hal_spi.o
                0x080022cc                HAL_SPI_Transmit
 .text.SPI_WaitFlagStateUntilTimeout
                0x08002544      0x110 Drivers/STM32F1xx_HAL_Driver/stm32f1xx_hal_spi.o
 .text.SPI_EndRxTxTransaction
                0x08002654       0x3c Drivers/STM32F1xx_HAL_Driver/stm32f1xx_hal_spi.o
 .text.HAL_TIM_Base_Init
                0x08002690       0x9e Drivers/STM32F1xx_HAL_Driver/stm32f1xx_hal_tim.o
                0x08002690                HAL_TIM_Base_Init
 *fill*         0x0800272e        0x2 
 .text.HAL_TIM_Base_Start_IT
                0x08002730       0xa4 Drivers/STM32F1xx_HAL_Driver/stm32f1xx_hal_tim.o
                0x08002730                HAL_TIM_Base_Start_IT
 .text.HAL_TIM_IRQHandler
                0x080027d4      0x210 Drivers/STM32F1xx_HAL_Driver/stm32f1xx_hal_tim.o
                0x080027d4                HAL_TIM_IRQHandler
 .text.HAL_TIM_ConfigClockSource
                0x080029e4      0x16e Drivers/STM32F1xx_HAL_Driver/stm32f1xx_hal_tim.o
                0x080029e4                HAL_TIM_ConfigClockSource
 .text.HAL_TIM_OC_DelayElapsedCallback
                0x08002b52       0x12 Drivers/STM32F1xx_HAL_Driver/stm32f1xx_hal_tim.o
                0x08002b52                HAL_TIM_OC_DelayElapsedCallback
 .text.HAL_TIM_IC_CaptureCallback
                0x08002b64       0x12 Drivers/STM32F1xx_HAL_Driver/stm32f1xx_hal_tim.o
                0x08002b64                HAL_TIM_IC_CaptureCallback
 .text.HAL_TIM_PWM_PulseFinishedCallback
                0x08002b76       0x12 Drivers/STM32F1xx_HAL_Driver/stm32f1xx_hal_tim.o
                0x08002b76                HAL_TIM_PWM_PulseFinishedCallback
 .text.HAL_TIM_TriggerCallback
                0x08002b88       0x12 Drivers/STM32F1xx_HAL_Driver/stm32f1xx_hal_tim.o
                0x08002b88                HAL_TIM_TriggerCallback
 *fill*         0x08002b9a        0x2 
 .text.TIM_Base_SetConfig
                0x08002b9c       0xc4 Drivers/STM32F1xx_HAL_Driver/stm32f1xx_hal_tim.o
                0x08002b9c                TIM_Base_SetConfig
 .text.TIM_TI1_ConfigInputStage
                0x08002c60       0x5c Drivers/STM32F1xx_HAL_Driver/stm32f1xx_hal_tim.o
 .text.TIM_TI2_ConfigInputStage
                0x08002cbc       0x5e Drivers/STM32F1xx_HAL_Driver/stm32f1xx_hal_tim.o
 .text.TIM_ITRx_SetConfig
                0x08002d1a       0x34 Drivers/STM32F1xx_HAL_Driver/stm32f1xx_hal_tim.o
 .text.TIM_ETR_SetConfig
                0x08002d4e       0x3e Drivers/STM32F1xx_HAL_Driver/stm32f1xx_hal_tim.o
                0x08002d4e                TIM_ETR_SetConfig
 .text.HAL_TIMEx_MasterConfigSynchronization
                0x08002d8c       0xbc Drivers/STM32F1xx_HAL_Driver/stm32f1xx_hal_tim_ex.o
                0x08002d8c                HAL_TIMEx_MasterConfigSynchronization
 .text.HAL_TIMEx_CommutCallback
                0x08002e48       0x12 Drivers/STM32F1xx_HAL_Driver/stm32f1xx_hal_tim_ex.o
                0x08002e48                HAL_TIMEx_CommutCallback
 .text.HAL_TIMEx_BreakCallback
                0x08002e5a       0x12 Drivers/STM32F1xx_HAL_Driver/stm32f1xx_hal_tim_ex.o
                0x08002e5a                HAL_TIMEx_BreakCallback
 .text.HAL_UART_Init
                0x08002e6c       0x9a Drivers/STM32F1xx_HAL_Driver/stm32f1xx_hal_uart.o
                0x08002e6c                HAL_UART_Init
 *fill*         0x08002f06        0x2 
 .text.HAL_UART_Transmit_DMA
                0x08002f08       0xd8 Drivers/STM32F1xx_HAL_Driver/stm32f1xx_hal_uart.o
                0x08002f08                HAL_UART_Transmit_DMA
 .text.HAL_UART_Receive_DMA
                0x08002fe0      0x100 Drivers/STM32F1xx_HAL_Driver/stm32f1xx_hal_uart.o
                0x08002fe0                HAL_UART_Receive_DMA
 .text.HAL_UART_IRQHandler
                0x080030e0      0x200 Drivers/STM32F1xx_HAL_Driver/stm32f1xx_hal_uart.o
                0x080030e0                HAL_UART_IRQHandler
 .text.HAL_UART_TxHalfCpltCallback
                0x080032e0       0x12 Drivers/STM32F1xx_HAL_Driver/stm32f1xx_hal_uart.o
                0x080032e0                HAL_UART_TxHalfCpltCallback
 .text.HAL_UART_RxHalfCpltCallback
                0x080032f2       0x12 Drivers/STM32F1xx_HAL_Driver/stm32f1xx_hal_uart.o
                0x080032f2                HAL_UART_RxHalfCpltCallback
 .text.HAL_UART_ErrorCallback
                0x08003304       0x12 Drivers/STM32F1xx_HAL_Driver/stm32f1xx_hal_uart.o
                0x08003304                HAL_UART_ErrorCallback
 .text.UART_DMATransmitCplt
                0x08003316       0x52 Drivers/STM32F1xx_HAL_Driver/stm32f1xx_hal_uart.o
 .text.UART_DMATxHalfCplt
                0x08003368       0x1c Drivers/STM32F1xx_HAL_Driver/stm32f1xx_hal_uart.o
 .text.UART_DMAReceiveCplt
                0x08003384       0x68 Drivers/STM32F1xx_HAL_Driver/stm32f1xx_hal_uart.o
 .text.UART_DMARxHalfCplt
                0x080033ec       0x1c Drivers/STM32F1xx_HAL_Driver/stm32f1xx_hal_uart.o
 .text.UART_DMAError
                0x08003408       0x94 Drivers/STM32F1xx_HAL_Driver/stm32f1xx_hal_uart.o
 .text.UART_EndTxTransfer
                0x0800349c       0x2a Drivers/STM32F1xx_HAL_Driver/stm32f1xx_hal_uart.o
 .text.UART_EndRxTransfer
                0x080034c6       0x3a Drivers/STM32F1xx_HAL_Driver/stm32f1xx_hal_uart.o
 .text.UART_DMAAbortOnError
                0x08003500       0x28 Drivers/STM32F1xx_HAL_Driver/stm32f1xx_hal_uart.o
 .text.UART_Transmit_IT
                0x08003528       0x9e Drivers/STM32F1xx_HAL_Driver/stm32f1xx_hal_uart.o
 .text.UART_EndTransmit_IT
                0x080035c6       0x30 Drivers/STM32F1xx_HAL_Driver/stm32f1xx_hal_uart.o
 .text.UART_Receive_IT
                0x080035f6      0x100 Drivers/STM32F1xx_HAL_Driver/stm32f1xx_hal_uart.o
 *fill*         0x080036f6        0x2 
 .text.UART_SetConfig
                0x080036f8      0x11c Drivers/STM32F1xx_HAL_Driver/stm32f1xx_hal_uart.o
 .text.HAL_TIM_PeriodElapsedCallback
                0x08003814       0x88 Src/main.o
                0x08003814                HAL_TIM_PeriodElapsedCallback
 .text.HAL_UART_TxCpltCallback
                0x0800389c       0x30 Src/main.o
                0x0800389c                HAL_UART_TxCpltCallback
 .text.HAL_UART_RxCpltCallback
                0x080038cc       0xf0 Src/main.o
                0x080038cc                HAL_UART_RxCpltCallback
 .text.main     0x080039bc       0x90 Src/main.o
                0x080039bc                main
 .text.SystemClock_Config
                0x08003a4c       0x8a Src/main.o
                0x08003a4c                SystemClock_Config
 *fill*         0x08003ad6        0x2 
 .text.MX_SPI1_Init
                0x08003ad8       0x70 Src/main.o
 .text.MX_TIM3_Init
                0x08003b48       0x9c Src/main.o
 .text.MX_USART1_UART_Init
                0x08003be4       0x54 Src/main.o
 .text.MX_DMA_Init
                0x08003c38       0x4c Src/main.o
 .text.MX_GPIO_Init
                0x08003c84       0xac Src/main.o
 .text.Error_Handler
                0x08003d30        0xc Src/main.o
                0x08003d30                Error_Handler
 .text.HAL_MspInit
                0x08003d3c       0x64 Src/stm32f1xx_hal_msp.o
                0x08003d3c                HAL_MspInit
 .text.HAL_SPI_MspInit
                0x08003da0       0x7c Src/stm32f1xx_hal_msp.o
                0x08003da0                HAL_SPI_MspInit
 .text.HAL_TIM_Base_MspInit
                0x08003e1c       0x4c Src/stm32f1xx_hal_msp.o
                0x08003e1c                HAL_TIM_Base_MspInit
 .text.HAL_UART_MspInit
                0x08003e68      0x154 Src/stm32f1xx_hal_msp.o
                0x08003e68                HAL_UART_MspInit
 .text.NMI_Handler
                0x08003fbc        0xc Src/stm32f1xx_it.o
                0x08003fbc                NMI_Handler
 .text.HardFault_Handler
                0x08003fc8        0x6 Src/stm32f1xx_it.o
                0x08003fc8                HardFault_Handler
 .text.MemManage_Handler
                0x08003fce        0x6 Src/stm32f1xx_it.o
                0x08003fce                MemManage_Handler
 .text.BusFault_Handler
                0x08003fd4        0x6 Src/stm32f1xx_it.o
                0x08003fd4                BusFault_Handler
 .text.UsageFault_Handler
                0x08003fda        0x6 Src/stm32f1xx_it.o
                0x08003fda                UsageFault_Handler
 .text.SVC_Handler
                0x08003fe0        0xc Src/stm32f1xx_it.o
                0x08003fe0                SVC_Handler
 .text.DebugMon_Handler
                0x08003fec        0xc Src/stm32f1xx_it.o
                0x08003fec                DebugMon_Handler
 .text.PendSV_Handler
                0x08003ff8        0xc Src/stm32f1xx_it.o
                0x08003ff8                PendSV_Handler
 .text.SysTick_Handler
                0x08004004        0xc Src/stm32f1xx_it.o
                0x08004004                SysTick_Handler
 .text.DMA1_Channel4_IRQHandler
                0x08004010       0x14 Src/stm32f1xx_it.o
                0x08004010                DMA1_Channel4_IRQHandler
 .text.DMA1_Channel5_IRQHandler
                0x08004024       0x14 Src/stm32f1xx_it.o
                0x08004024                DMA1_Channel5_IRQHandler
 .text.TIM3_IRQHandler
                0x08004038       0x14 Src/stm32f1xx_it.o
                0x08004038                TIM3_IRQHandler
 .text.USART1_IRQHandler
                0x0800404c       0x14 Src/stm32f1xx_it.o
                0x0800404c                USART1_IRQHandler
 .text.SystemInit
                0x08004060        0xc Src/system_stm32f1xx.o
                0x08004060                SystemInit
 .text.sdbg_convert
                0x0800406c       0x54 sdbg/sdbg.o
 .text.sdbg_transmit
                0x080040c0       0x34 sdbg/sdbg.o
 .text.SDBG_print
                0x080040f4      0x400 sdbg/sdbg.o
                0x080040f4                SDBG_print
 .text.Reset_Handler
                0x080044f4       0x48 startup/startup_stm32f103xb.o
                0x080044f4                Reset_Handler
 .text.Default_Handler
                0x0800453c        0x2 startup/startup_stm32f103xb.o
                0x0800453c                RTC_Alarm_IRQHandler
                0x0800453c                EXTI2_IRQHandler
                0x0800453c                TIM1_CC_IRQHandler
                0x0800453c                PVD_IRQHandler
                0x0800453c                EXTI3_IRQHandler
                0x0800453c                EXTI0_IRQHandler
                0x0800453c                I2C2_EV_IRQHandler
                0x0800453c                ADC1_2_IRQHandler
                0x0800453c                SPI1_IRQHandler
                0x0800453c                TAMPER_IRQHandler
                0x0800453c                USART3_IRQHandler
                0x0800453c                RTC_IRQHandler
                0x0800453c                DMA1_Channel7_IRQHandler
                0x0800453c                CAN1_RX1_IRQHandler
                0x0800453c                TIM4_IRQHandler
                0x0800453c                I2C1_EV_IRQHandler
                0x0800453c                DMA1_Channel6_IRQHandler
                0x0800453c                RCC_IRQHandler
                0x0800453c                TIM1_TRG_COM_IRQHandler
                0x0800453c                DMA1_Channel1_IRQHandler
                0x0800453c                Default_Handler
                0x0800453c                EXTI15_10_IRQHandler
                0x0800453c                EXTI9_5_IRQHandler
                0x0800453c                SPI2_IRQHandler
                0x0800453c                EXTI4_IRQHandler
                0x0800453c                USB_LP_CAN1_RX0_IRQHandler
                0x0800453c                USB_HP_CAN1_TX_IRQHandler
                0x0800453c                DMA1_Channel3_IRQHandler
                0x0800453c                TIM1_UP_IRQHandler
                0x0800453c                WWDG_IRQHandler
                0x0800453c                TIM2_IRQHandler
                0x0800453c                TIM1_BRK_IRQHandler
                0x0800453c                EXTI1_IRQHandler
                0x0800453c                USART2_IRQHandler
                0x0800453c                I2C2_ER_IRQHandler
                0x0800453c                DMA1_Channel2_IRQHandler
                0x0800453c                CAN1_SCE_IRQHandler
                0x0800453c                FLASH_IRQHandler
                0x0800453c                I2C1_ER_IRQHandler
                0x0800453c                USBWakeUp_IRQHandler
 *fill*         0x0800453e        0x2 
 .text.__libc_init_array
                0x08004540       0x48 c:/ac6/systemworkbench/plugins/fr.ac6.mcu.externaltools.arm-none.win32_1.17.0.201812190825/tools/compiler/bin/../lib/gcc/arm-none-eabi/7.3.1/../../../../arm-none-eabi/lib/thumb/v7-m\libc_nano.a(lib_a-init.o)
                0x08004540                __libc_init_array
 .text.memcpy   0x08004588       0x16 c:/ac6/systemworkbench/plugins/fr.ac6.mcu.externaltools.arm-none.win32_1.17.0.201812190825/tools/compiler/bin/../lib/gcc/arm-none-eabi/7.3.1/../../../../arm-none-eabi/lib/thumb/v7-m\libc_nano.a(lib_a-memcpy-stub.o)
                0x08004588                memcpy
 .text.memset   0x0800459e       0x10 c:/ac6/systemworkbench/plugins/fr.ac6.mcu.externaltools.arm-none.win32_1.17.0.201812190825/tools/compiler/bin/../lib/gcc/arm-none-eabi/7.3.1/../../../../arm-none-eabi/lib/thumb/v7-m\libc_nano.a(lib_a-memset.o)
                0x0800459e                memset
 .text.strncat  0x080045ae       0x28 c:/ac6/systemworkbench/plugins/fr.ac6.mcu.externaltools.arm-none.win32_1.17.0.201812190825/tools/compiler/bin/../lib/gcc/arm-none-eabi/7.3.1/../../../../arm-none-eabi/lib/thumb/v7-m\libc_nano.a(lib_a-strncat.o)
                0x080045ae                strncat
 *(.glue_7)
 .glue_7        0x080045d6        0x0 linker stubs
 *(.glue_7t)
 .glue_7t       0x080045d6        0x0 linker stubs
 *(.eh_frame)
 *fill*         0x080045d6        0x2 
 .eh_frame      0x080045d8        0x0 c:/ac6/systemworkbench/plugins/fr.ac6.mcu.externaltools.arm-none.win32_1.17.0.201812190825/tools/compiler/bin/../lib/gcc/arm-none-eabi/7.3.1/thumb/v7-m/crtbegin.o
 *(.init)
 .init          0x080045d8        0x4 c:/ac6/systemworkbench/plugins/fr.ac6.mcu.externaltools.arm-none.win32_1.17.0.201812190825/tools/compiler/bin/../lib/gcc/arm-none-eabi/7.3.1/thumb/v7-m/crti.o
                0x080045d8                _init
 .init          0x080045dc        0x8 c:/ac6/systemworkbench/plugins/fr.ac6.mcu.externaltools.arm-none.win32_1.17.0.201812190825/tools/compiler/bin/../lib/gcc/arm-none-eabi/7.3.1/thumb/v7-m/crtn.o
 *(.fini)
 .fini          0x080045e4        0x4 c:/ac6/systemworkbench/plugins/fr.ac6.mcu.externaltools.arm-none.win32_1.17.0.201812190825/tools/compiler/bin/../lib/gcc/arm-none-eabi/7.3.1/thumb/v7-m/crti.o
                0x080045e4                _fini
 .fini          0x080045e8        0x8 c:/ac6/systemworkbench/plugins/fr.ac6.mcu.externaltools.arm-none.win32_1.17.0.201812190825/tools/compiler/bin/../lib/gcc/arm-none-eabi/7.3.1/thumb/v7-m/crtn.o
                0x080045f0                . = ALIGN (0x4)
                0x080045f0                _etext = .

.vfp11_veneer   0x080045f0        0x0
 .vfp11_veneer  0x080045f0        0x0 linker stubs

.v4_bx          0x080045f0        0x0
 .v4_bx         0x080045f0        0x0 linker stubs

.iplt           0x080045f0        0x0
 .iplt          0x080045f0        0x0 c:/ac6/systemworkbench/plugins/fr.ac6.mcu.externaltools.arm-none.win32_1.17.0.201812190825/tools/compiler/bin/../lib/gcc/arm-none-eabi/7.3.1/thumb/v7-m/crtbegin.o

.rodata         0x080045f0       0xa4
                0x080045f0                . = ALIGN (0x4)
 *(.rodata)
 .rodata        0x080045f0       0x5b DS1302/ds1302.o
 *fill*         0x0800464b        0x1 
 .rodata        0x0800464c       0x12 Drivers/STM32F1xx_HAL_Driver/stm32f1xx_hal_rcc.o
 *fill*         0x0800465e        0x2 
 .rodata        0x08004660       0x17 Src/main.o
 *fill*         0x08004677        0x1 
 .rodata        0x08004678       0x18 Src/system_stm32f1xx.o
                0x08004678                AHBPrescTable
                0x08004688                APBPrescTable
 .rodata        0x08004690        0x2 sdbg/sdbg.o
 *(.rodata*)
                0x08004694                . = ALIGN (0x4)
 *fill*         0x08004692        0x2 

.ARM.extab
 *(.ARM.extab* .gnu.linkonce.armextab.*)

.ARM            0x08004694        0x8
                0x08004694                __exidx_start = .
 *(.ARM.exidx*)
 .ARM.exidx     0x08004694        0x8 c:/ac6/systemworkbench/plugins/fr.ac6.mcu.externaltools.arm-none.win32_1.17.0.201812190825/tools/compiler/bin/../lib/gcc/arm-none-eabi/7.3.1/thumb/v7-m\libgcc.a(_udivmoddi4.o)
                0x0800469c                __exidx_end = .

.rel.dyn        0x0800469c        0x0
 .rel.iplt      0x0800469c        0x0 c:/ac6/systemworkbench/plugins/fr.ac6.mcu.externaltools.arm-none.win32_1.17.0.201812190825/tools/compiler/bin/../lib/gcc/arm-none-eabi/7.3.1/thumb/v7-m/crtbegin.o

.preinit_array  0x0800469c        0x0
                0x0800469c                PROVIDE (__preinit_array_start = .)
 *(.preinit_array*)
                0x0800469c                PROVIDE (__preinit_array_end = .)

.init_array     0x0800469c        0x4
                0x0800469c                PROVIDE (__init_array_start = .)
 *(SORT_BY_NAME(.init_array.*))
 *(.init_array*)
 .init_array    0x0800469c        0x4 c:/ac6/systemworkbench/plugins/fr.ac6.mcu.externaltools.arm-none.win32_1.17.0.201812190825/tools/compiler/bin/../lib/gcc/arm-none-eabi/7.3.1/thumb/v7-m/crtbegin.o
                0x080046a0                PROVIDE (__init_array_end = .)

.fini_array     0x080046a0        0x4
                [!provide]                PROVIDE (__fini_array_start = .)
 *(SORT_BY_NAME(.fini_array.*))
 *(.fini_array*)
 .fini_array    0x080046a0        0x4 c:/ac6/systemworkbench/plugins/fr.ac6.mcu.externaltools.arm-none.win32_1.17.0.201812190825/tools/compiler/bin/../lib/gcc/arm-none-eabi/7.3.1/thumb/v7-m/crtbegin.o
                [!provide]                PROVIDE (__fini_array_end = .)
                0x080046a4                _sidata = LOADADDR (.data)

.data           0x20000000       0x88 load address 0x080046a4
                0x20000000                . = ALIGN (0x4)
                0x20000000                _sdata = .
 *(.data)
 .data          0x20000000       0x5c DS1302/ds1302.o
 .data          0x2000005c        0x5 Drivers/STM32F1xx_HAL_Driver/stm32f1xx_hal.o
                0x2000005c                uwTickPrio
                0x20000060                uwTickFreq
 *fill*         0x20000061        0x3 
 .data          0x20000064        0xc Src/main.o
 .data          0x20000070        0x4 Src/system_stm32f1xx.o
                0x20000070                SystemCoreClock
 .data          0x20000074       0x11 sdbg/sdbg.o
 *(.data*)
                0x20000088                . = ALIGN (0x4)
 *fill*         0x20000085        0x3 
                0x20000088                _edata = .

.igot.plt       0x20000088        0x0 load address 0x0800472c
 .igot.plt      0x20000088        0x0 c:/ac6/systemworkbench/plugins/fr.ac6.mcu.externaltools.arm-none.win32_1.17.0.201812190825/tools/compiler/bin/../lib/gcc/arm-none-eabi/7.3.1/thumb/v7-m/crtbegin.o
                0x20000088                . = ALIGN (0x4)

.bss            0x20000088      0x29c load address 0x0800472c
                0x20000088                _sbss = .
                0x20000088                __bss_start__ = _sbss
 *(.bss)
 .bss           0x20000088       0x1c c:/ac6/systemworkbench/plugins/fr.ac6.mcu.externaltools.arm-none.win32_1.17.0.201812190825/tools/compiler/bin/../lib/gcc/arm-none-eabi/7.3.1/thumb/v7-m/crtbegin.o
 .bss           0x200000a4       0x40 Src/main.o
 .bss           0x200000e4       0x66 sdbg/sdbg.o
 *(.bss*)
 *(COMMON)
 *fill*         0x2000014a        0x2 
 COMMON         0x2000014c        0x4 Drivers/STM32F1xx_HAL_Driver/stm32f1xx_hal.o
                0x2000014c                uwTick
 COMMON         0x20000150      0x1d4 Src/main.o
                0x20000150                Transfer_cplt
                0x20000151                Rx_indx
                0x20000154                Rx_data
                0x20000158                htim3
                0x200001a0                hdma_usart1_tx
                0x200001e4                hdma_usart1_rx
                0x20000228                huart1
                0x20000268                Rx_Buffer
                0x200002cc                hspi1
                0x20000324                . = ALIGN (0x4)
                0x20000324                _ebss = .
                0x20000324                __bss_end__ = _ebss

._user_heap_stack
                0x20000324      0x604 load address 0x0800472c
                0x20000328                . = ALIGN (0x8)
 *fill*         0x20000324        0x4 
                0x20000328                PROVIDE (end = .)
                [!provide]                PROVIDE (_end = .)
                0x20000528                . = (. + _Min_Heap_Size)
 *fill*         0x20000328      0x200 
                0x20000928                . = (. + _Min_Stack_Size)
 *fill*         0x20000528      0x400 
                0x20000928                . = ALIGN (0x8)

/DISCARD/
 libc.a(*)
 libm.a(*)
 libgcc.a(*)

.ARM.attributes
                0x00000000       0x29
 *(.ARM.attributes)
 .ARM.attributes
                0x00000000       0x1d c:/ac6/systemworkbench/plugins/fr.ac6.mcu.externaltools.arm-none.win32_1.17.0.201812190825/tools/compiler/bin/../lib/gcc/arm-none-eabi/7.3.1/thumb/v7-m/crti.o
 .ARM.attributes
                0x0000001d       0x2d c:/ac6/systemworkbench/plugins/fr.ac6.mcu.externaltools.arm-none.win32_1.17.0.201812190825/tools/compiler/bin/../lib/gcc/arm-none-eabi/7.3.1/thumb/v7-m/crtbegin.o
 .ARM.attributes
                0x0000004a       0x33 DS1302/ds1302.o
 .ARM.attributes
                0x0000007d       0x33 Drivers/STM32F1xx_HAL_Driver/stm32f1xx_hal.o
 .ARM.attributes
                0x000000b0       0x33 Drivers/STM32F1xx_HAL_Driver/stm32f1xx_hal_cortex.o
 .ARM.attributes
                0x000000e3       0x33 Drivers/STM32F1xx_HAL_Driver/stm32f1xx_hal_dma.o
 .ARM.attributes
                0x00000116       0x33 Drivers/STM32F1xx_HAL_Driver/stm32f1xx_hal_gpio.o
 .ARM.attributes
                0x00000149       0x33 Drivers/STM32F1xx_HAL_Driver/stm32f1xx_hal_rcc.o
 .ARM.attributes
                0x0000017c       0x33 Drivers/STM32F1xx_HAL_Driver/stm32f1xx_hal_spi.o
 .ARM.attributes
                0x000001af       0x33 Drivers/STM32F1xx_HAL_Driver/stm32f1xx_hal_tim.o
 .ARM.attributes
                0x000001e2       0x33 Drivers/STM32F1xx_HAL_Driver/stm32f1xx_hal_tim_ex.o
 .ARM.attributes
                0x00000215       0x33 Drivers/STM32F1xx_HAL_Driver/stm32f1xx_hal_uart.o
 .ARM.attributes
                0x00000248       0x33 Src/main.o
 .ARM.attributes
                0x0000027b       0x33 Src/stm32f1xx_hal_msp.o
 .ARM.attributes
                0x000002ae       0x33 Src/stm32f1xx_it.o
 .ARM.attributes
                0x000002e1       0x33 Src/system_stm32f1xx.o
 .ARM.attributes
                0x00000314       0x33 sdbg/sdbg.o
 .ARM.attributes
                0x00000347       0x21 startup/startup_stm32f103xb.o
 .ARM.attributes
                0x00000368       0x1d c:/ac6/systemworkbench/plugins/fr.ac6.mcu.externaltools.arm-none.win32_1.17.0.201812190825/tools/compiler/bin/../lib/gcc/arm-none-eabi/7.3.1/thumb/v7-m\libgcc.a(_aeabi_ldivmod.o)
 .ARM.attributes
                0x00000385       0x2d c:/ac6/systemworkbench/plugins/fr.ac6.mcu.externaltools.arm-none.win32_1.17.0.201812190825/tools/compiler/bin/../lib/gcc/arm-none-eabi/7.3.1/thumb/v7-m\libgcc.a(_udivmoddi4.o)
 .ARM.attributes
                0x000003b2       0x1d c:/ac6/systemworkbench/plugins/fr.ac6.mcu.externaltools.arm-none.win32_1.17.0.201812190825/tools/compiler/bin/../lib/gcc/arm-none-eabi/7.3.1/thumb/v7-m\libgcc.a(_dvmd_tls.o)
 .ARM.attributes
                0x000003cf       0x2d c:/ac6/systemworkbench/plugins/fr.ac6.mcu.externaltools.arm-none.win32_1.17.0.201812190825/tools/compiler/bin/../lib/gcc/arm-none-eabi/7.3.1/../../../../arm-none-eabi/lib/thumb/v7-m\libc_nano.a(lib_a-init.o)
 .ARM.attributes
                0x000003fc       0x2d c:/ac6/systemworkbench/plugins/fr.ac6.mcu.externaltools.arm-none.win32_1.17.0.201812190825/tools/compiler/bin/../lib/gcc/arm-none-eabi/7.3.1/../../../../arm-none-eabi/lib/thumb/v7-m\libc_nano.a(lib_a-memcpy-stub.o)
 .ARM.attributes
                0x00000429       0x2d c:/ac6/systemworkbench/plugins/fr.ac6.mcu.externaltools.arm-none.win32_1.17.0.201812190825/tools/compiler/bin/../lib/gcc/arm-none-eabi/7.3.1/../../../../arm-none-eabi/lib/thumb/v7-m\libc_nano.a(lib_a-memset.o)
 .ARM.attributes
                0x00000456       0x1b c:/ac6/systemworkbench/plugins/fr.ac6.mcu.externaltools.arm-none.win32_1.17.0.201812190825/tools/compiler/bin/../lib/gcc/arm-none-eabi/7.3.1/../../../../arm-none-eabi/lib/thumb/v7-m\libc_nano.a(lib_a-strcmp.o)
 .ARM.attributes
                0x00000471       0x17 c:/ac6/systemworkbench/plugins/fr.ac6.mcu.externaltools.arm-none.win32_1.17.0.201812190825/tools/compiler/bin/../lib/gcc/arm-none-eabi/7.3.1/../../../../arm-none-eabi/lib/thumb/v7-m\libc_nano.a(lib_a-strlen.o)
 .ARM.attributes
                0x00000488       0x2d c:/ac6/systemworkbench/plugins/fr.ac6.mcu.externaltools.arm-none.win32_1.17.0.201812190825/tools/compiler/bin/../lib/gcc/arm-none-eabi/7.3.1/../../../../arm-none-eabi/lib/thumb/v7-m\libc_nano.a(lib_a-strncat.o)
 .ARM.attributes
                0x000004b5       0x1d c:/ac6/systemworkbench/plugins/fr.ac6.mcu.externaltools.arm-none.win32_1.17.0.201812190825/tools/compiler/bin/../lib/gcc/arm-none-eabi/7.3.1/thumb/v7-m/crtn.o
OUTPUT(Test_SPI_HalfDuplex.elf elf32-littlearm)

.debug_info     0x00000000     0xf190
 .debug_info    0x00000000     0x1a31 DS1302/ds1302.o
 .debug_info    0x00001a31      0x714 Drivers/STM32F1xx_HAL_Driver/stm32f1xx_hal.o
 .debug_info    0x00002145      0xb51 Drivers/STM32F1xx_HAL_Driver/stm32f1xx_hal_cortex.o
 .debug_info    0x00002c96      0x7b1 Drivers/STM32F1xx_HAL_Driver/stm32f1xx_hal_dma.o
 .debug_info    0x00003447      0x69b Drivers/STM32F1xx_HAL_Driver/stm32f1xx_hal_gpio.o
 .debug_info    0x00003ae2      0x80f Drivers/STM32F1xx_HAL_Driver/stm32f1xx_hal_rcc.o
 .debug_info    0x000042f1     0x1572 Drivers/STM32F1xx_HAL_Driver/stm32f1xx_hal_spi.o
 .debug_info    0x00005863     0x27ef Drivers/STM32F1xx_HAL_Driver/stm32f1xx_hal_tim.o
 .debug_info    0x00008052     0x136f Drivers/STM32F1xx_HAL_Driver/stm32f1xx_hal_tim_ex.o
 .debug_info    0x000093c1     0x121b Drivers/STM32F1xx_HAL_Driver/stm32f1xx_hal_uart.o
 .debug_info    0x0000a5dc     0x1f27 Src/main.o
 .debug_info    0x0000c503     0x1009 Src/stm32f1xx_hal_msp.o
 .debug_info    0x0000d50c      0x9a3 Src/stm32f1xx_it.o
 .debug_info    0x0000deaf      0x29a Src/system_stm32f1xx.o
 .debug_info    0x0000e149     0x1025 sdbg/sdbg.o
 .debug_info    0x0000f16e       0x22 startup/startup_stm32f103xb.o

.debug_abbrev   0x00000000     0x2094
 .debug_abbrev  0x00000000      0x31b DS1302/ds1302.o
 .debug_abbrev  0x0000031b      0x1c7 Drivers/STM32F1xx_HAL_Driver/stm32f1xx_hal.o
 .debug_abbrev  0x000004e2      0x2d5 Drivers/STM32F1xx_HAL_Driver/stm32f1xx_hal_cortex.o
 .debug_abbrev  0x000007b7      0x1fe Drivers/STM32F1xx_HAL_Driver/stm32f1xx_hal_dma.o
 .debug_abbrev  0x000009b5      0x1c0 Drivers/STM32F1xx_HAL_Driver/stm32f1xx_hal_gpio.o
 .debug_abbrev  0x00000b75      0x243 Drivers/STM32F1xx_HAL_Driver/stm32f1xx_hal_rcc.o
 .debug_abbrev  0x00000db8      0x240 Drivers/STM32F1xx_HAL_Driver/stm32f1xx_hal_spi.o
 .debug_abbrev  0x00000ff8      0x230 Drivers/STM32F1xx_HAL_Driver/stm32f1xx_hal_tim.o
 .debug_abbrev  0x00001228      0x236 Drivers/STM32F1xx_HAL_Driver/stm32f1xx_hal_tim_ex.o
 .debug_abbrev  0x0000145e      0x242 Drivers/STM32F1xx_HAL_Driver/stm32f1xx_hal_uart.o
 .debug_abbrev  0x000016a0      0x31e Src/main.o
 .debug_abbrev  0x000019be      0x1cf Src/stm32f1xx_hal_msp.o
 .debug_abbrev  0x00001b8d      0x15a Src/stm32f1xx_it.o
 .debug_abbrev  0x00001ce7      0x134 Src/system_stm32f1xx.o
 .debug_abbrev  0x00001e1b      0x267 sdbg/sdbg.o
 .debug_abbrev  0x00002082       0x12 startup/startup_stm32f103xb.o

.debug_aranges  0x00000000      0xe90
 .debug_aranges
                0x00000000       0xb0 DS1302/ds1302.o
 .debug_aranges
                0x000000b0       0xe0 Drivers/STM32F1xx_HAL_Driver/stm32f1xx_hal.o
 .debug_aranges
                0x00000190      0x100 Drivers/STM32F1xx_HAL_Driver/stm32f1xx_hal_cortex.o
 .debug_aranges
                0x00000290       0x80 Drivers/STM32F1xx_HAL_Driver/stm32f1xx_hal_dma.o
 .debug_aranges
                0x00000310       0x58 Drivers/STM32F1xx_HAL_Driver/stm32f1xx_hal_gpio.o
 .debug_aranges
                0x00000368       0x90 Drivers/STM32F1xx_HAL_Driver/stm32f1xx_hal_rcc.o
 .debug_aranges
                0x000003f8      0x1d0 Drivers/STM32F1xx_HAL_Driver/stm32f1xx_hal_spi.o
 .debug_aranges
                0x000005c8      0x3d0 Drivers/STM32F1xx_HAL_Driver/stm32f1xx_hal_tim.o
 .debug_aranges
                0x00000998      0x168 Drivers/STM32F1xx_HAL_Driver/stm32f1xx_hal_tim_ex.o
 .debug_aranges
                0x00000b00      0x1d0 Drivers/STM32F1xx_HAL_Driver/stm32f1xx_hal_uart.o
 .debug_aranges
                0x00000cd0       0x70 Src/main.o
 .debug_aranges
                0x00000d40       0x50 Src/stm32f1xx_hal_msp.o
 .debug_aranges
                0x00000d90       0x80 Src/stm32f1xx_it.o
 .debug_aranges
                0x00000e10       0x28 Src/system_stm32f1xx.o
 .debug_aranges
                0x00000e38       0x30 sdbg/sdbg.o
 .debug_aranges
                0x00000e68       0x28 startup/startup_stm32f103xb.o

.debug_ranges   0x00000000      0xd98
 .debug_ranges  0x00000000       0xa0 DS1302/ds1302.o
 .debug_ranges  0x000000a0       0xd0 Drivers/STM32F1xx_HAL_Driver/stm32f1xx_hal.o
 .debug_ranges  0x00000170       0xf0 Drivers/STM32F1xx_HAL_Driver/stm32f1xx_hal_cortex.o
 .debug_ranges  0x00000260       0x70 Drivers/STM32F1xx_HAL_Driver/stm32f1xx_hal_dma.o
 .debug_ranges  0x000002d0       0x48 Drivers/STM32F1xx_HAL_Driver/stm32f1xx_hal_gpio.o
 .debug_ranges  0x00000318       0x80 Drivers/STM32F1xx_HAL_Driver/stm32f1xx_hal_rcc.o
 .debug_ranges  0x00000398      0x1c0 Drivers/STM32F1xx_HAL_Driver/stm32f1xx_hal_spi.o
 .debug_ranges  0x00000558      0x3c0 Drivers/STM32F1xx_HAL_Driver/stm32f1xx_hal_tim.o
 .debug_ranges  0x00000918      0x158 Drivers/STM32F1xx_HAL_Driver/stm32f1xx_hal_tim_ex.o
 .debug_ranges  0x00000a70      0x1c0 Drivers/STM32F1xx_HAL_Driver/stm32f1xx_hal_uart.o
 .debug_ranges  0x00000c30       0x60 Src/main.o
 .debug_ranges  0x00000c90       0x40 Src/stm32f1xx_hal_msp.o
 .debug_ranges  0x00000cd0       0x70 Src/stm32f1xx_it.o
 .debug_ranges  0x00000d40       0x18 Src/system_stm32f1xx.o
 .debug_ranges  0x00000d58       0x20 sdbg/sdbg.o
 .debug_ranges  0x00000d78       0x20 startup/startup_stm32f103xb.o

.debug_macro    0x00000000    0x18522
 .debug_macro   0x00000000      0x308 DS1302/ds1302.o
 .debug_macro   0x00000308      0xa60 DS1302/ds1302.o
 .debug_macro   0x00000d68       0x22 DS1302/ds1302.o
 .debug_macro   0x00000d8a       0x58 DS1302/ds1302.o
 .debug_macro   0x00000de2       0x18 DS1302/ds1302.o
 .debug_macro   0x00000dfa       0x94 DS1302/ds1302.o
 .debug_macro   0x00000e8e       0x35 DS1302/ds1302.o
 .debug_macro   0x00000ec3       0x34 DS1302/ds1302.o
 .debug_macro   0x00000ef7      0x174 DS1302/ds1302.o
 .debug_macro   0x0000106b       0x57 DS1302/ds1302.o
 .debug_macro   0x000010c2       0x58 DS1302/ds1302.o
 .debug_macro   0x0000111a       0x1f DS1302/ds1302.o
 .debug_macro   0x00001139       0x43 DS1302/ds1302.o
 .debug_macro   0x0000117c       0x20 DS1302/ds1302.o
 .debug_macro   0x0000119c      0x18e DS1302/ds1302.o
 .debug_macro   0x0000132a      0x330 DS1302/ds1302.o
 .debug_macro   0x0000165a       0x10 DS1302/ds1302.o
 .debug_macro   0x0000166a       0x35 DS1302/ds1302.o
 .debug_macro   0x0000169f      0x227 DS1302/ds1302.o
 .debug_macro   0x000018c6       0x2e DS1302/ds1302.o
 .debug_macro   0x000018f4       0x22 DS1302/ds1302.o
 .debug_macro   0x00001916       0xef DS1302/ds1302.o
 .debug_macro   0x00001a05       0x6a DS1302/ds1302.o
 .debug_macro   0x00001a6f      0x1df DS1302/ds1302.o
 .debug_macro   0x00001c4e       0x1c DS1302/ds1302.o
 .debug_macro   0x00001c6a       0x22 DS1302/ds1302.o
 .debug_macro   0x00001c8c       0xbd DS1302/ds1302.o
 .debug_macro   0x00001d49      0xd23 DS1302/ds1302.o
 .debug_macro   0x00002a6c     0xe097 DS1302/ds1302.o
 .debug_macro   0x00010b03       0x43 DS1302/ds1302.o
 .debug_macro   0x00010b46     0x3468 DS1302/ds1302.o
 .debug_macro   0x00013fae       0x50 DS1302/ds1302.o
 .debug_macro   0x00013ffe      0x5be DS1302/ds1302.o
 .debug_macro   0x000145bc      0x289 DS1302/ds1302.o
 .debug_macro   0x00014845      0x1cb DS1302/ds1302.o
 .debug_macro   0x00014a10      0x114 DS1302/ds1302.o
 .debug_macro   0x00014b24      0x1b2 DS1302/ds1302.o
 .debug_macro   0x00014cd6       0x27 DS1302/ds1302.o
 .debug_macro   0x00014cfd      0x136 DS1302/ds1302.o
 .debug_macro   0x00014e33      0x1bc DS1302/ds1302.o
 .debug_macro   0x00014fef       0x34 DS1302/ds1302.o
 .debug_macro   0x00015023       0x3c DS1302/ds1302.o
 .debug_macro   0x0001505f       0x57 DS1302/ds1302.o
 .debug_macro   0x000150b6       0x88 DS1302/ds1302.o
 .debug_macro   0x0001513e      0x241 DS1302/ds1302.o
 .debug_macro   0x0001537f      0x141 DS1302/ds1302.o
 .debug_macro   0x000154c0      0x217 DS1302/ds1302.o
 .debug_macro   0x000156d7      0x8d1 DS1302/ds1302.o
 .debug_macro   0x00015fa8      0x26b DS1302/ds1302.o
 .debug_macro   0x00016213       0x83 DS1302/ds1302.o
 .debug_macro   0x00016296       0xe8 DS1302/ds1302.o
 .debug_macro   0x0001637e      0x1d1 Drivers/STM32F1xx_HAL_Driver/stm32f1xx_hal.o
 .debug_macro   0x0001654f       0x8e Drivers/STM32F1xx_HAL_Driver/stm32f1xx_hal.o
 .debug_macro   0x000165dd       0x51 Drivers/STM32F1xx_HAL_Driver/stm32f1xx_hal.o
 .debug_macro   0x0001662e       0xc3 Drivers/STM32F1xx_HAL_Driver/stm32f1xx_hal.o
 .debug_macro   0x000166f1      0x1ad Drivers/STM32F1xx_HAL_Driver/stm32f1xx_hal_cortex.o
 .debug_macro   0x0001689e      0x1ad Drivers/STM32F1xx_HAL_Driver/stm32f1xx_hal_dma.o
 .debug_macro   0x00016a4b      0x218 Drivers/STM32F1xx_HAL_Driver/stm32f1xx_hal_gpio.o
 .debug_macro   0x00016c63      0x1bf Drivers/STM32F1xx_HAL_Driver/stm32f1xx_hal_rcc.o
 .debug_macro   0x00016e22      0x1b5 Drivers/STM32F1xx_HAL_Driver/stm32f1xx_hal_spi.o
 .debug_macro   0x00016fd7      0x1ae Drivers/STM32F1xx_HAL_Driver/stm32f1xx_hal_tim.o
 .debug_macro   0x00017185      0x1ad Drivers/STM32F1xx_HAL_Driver/stm32f1xx_hal_tim_ex.o
 .debug_macro   0x00017332      0x1ae Drivers/STM32F1xx_HAL_Driver/stm32f1xx_hal_uart.o
 .debug_macro   0x000174e0      0x2c1 Src/main.o
 .debug_macro   0x000177a1       0x5e Src/main.o
 .debug_macro   0x000177ff      0x32a Src/main.o
 .debug_macro   0x00017b29       0xee Src/main.o
 .debug_macro   0x00017c17       0x1c Src/main.o
 .debug_macro   0x00017c33      0x1b7 Src/stm32f1xx_hal_msp.o
 .debug_macro   0x00017dea      0x1c1 Src/stm32f1xx_it.o
 .debug_macro   0x00017fab      0x1ad Src/system_stm32f1xx.o
 .debug_macro   0x00018158      0x352 sdbg/sdbg.o
 .debug_macro   0x000184aa       0x16 sdbg/sdbg.o
 .debug_macro   0x000184c0       0x4c sdbg/sdbg.o
 .debug_macro   0x0001850c       0x16 sdbg/sdbg.o

.debug_line     0x00000000     0xb8ab
 .debug_line    0x00000000      0xa25 DS1302/ds1302.o
 .debug_line    0x00000a25      0x902 Drivers/STM32F1xx_HAL_Driver/stm32f1xx_hal.o
 .debug_line    0x00001327      0x9d9 Drivers/STM32F1xx_HAL_Driver/stm32f1xx_hal_cortex.o
 .debug_line    0x00001d00      0xb67 Drivers/STM32F1xx_HAL_Driver/stm32f1xx_hal_dma.o
 .debug_line    0x00002867      0x8fe Drivers/STM32F1xx_HAL_Driver/stm32f1xx_hal_gpio.o
 .debug_line    0x00003165      0x9c2 Drivers/STM32F1xx_HAL_Driver/stm32f1xx_hal_rcc.o
 .debug_line    0x00003b27     0x10dc Drivers/STM32F1xx_HAL_Driver/stm32f1xx_hal_spi.o
 .debug_line    0x00004c03     0x205b Drivers/STM32F1xx_HAL_Driver/stm32f1xx_hal_tim.o
 .debug_line    0x00006c5e     0x1369 Drivers/STM32F1xx_HAL_Driver/stm32f1xx_hal_tim_ex.o
 .debug_line    0x00007fc7     0x1040 Drivers/STM32F1xx_HAL_Driver/stm32f1xx_hal_uart.o
 .debug_line    0x00009007      0x8d5 Src/main.o
 .debug_line    0x000098dc      0x789 Src/stm32f1xx_hal_msp.o
 .debug_line    0x0000a065      0x7d2 Src/stm32f1xx_it.o
 .debug_line    0x0000a837      0x70e Src/system_stm32f1xx.o
 .debug_line    0x0000af45      0x8e9 sdbg/sdbg.o
 .debug_line    0x0000b82e       0x7d startup/startup_stm32f103xb.o

.debug_str      0x00000000    0x8c798
 .debug_str     0x00000000    0x8798c DS1302/ds1302.o
                              0x87dc3 (size before relaxing)
 .debug_str     0x0008798c      0x61b Drivers/STM32F1xx_HAL_Driver/stm32f1xx_hal.o
                              0x84a3f (size before relaxing)
 .debug_str     0x00087fa7      0x340 Drivers/STM32F1xx_HAL_Driver/stm32f1xx_hal_cortex.o
                              0x84a47 (size before relaxing)
 .debug_str     0x000882e7      0x276 Drivers/STM32F1xx_HAL_Driver/stm32f1xx_hal_dma.o
                              0x84789 (size before relaxing)
 .debug_str     0x0008855d      0x3a2 Drivers/STM32F1xx_HAL_Driver/stm32f1xx_hal_gpio.o
                              0x84772 (size before relaxing)
 .debug_str     0x000888ff      0x39b Drivers/STM32F1xx_HAL_Driver/stm32f1xx_hal_rcc.o
                              0x847ab (size before relaxing)
 .debug_str     0x00088c9a      0x59c Drivers/STM32F1xx_HAL_Driver/stm32f1xx_hal_spi.o
                              0x84cb3 (size before relaxing)
 .debug_str     0x00089236     0x10ff Drivers/STM32F1xx_HAL_Driver/stm32f1xx_hal_tim.o
                              0x8577d (size before relaxing)
 .debug_str     0x0008a335      0x59d Drivers/STM32F1xx_HAL_Driver/stm32f1xx_hal_tim_ex.o
                              0x84f57 (size before relaxing)
 .debug_str     0x0008a8d2      0x6cf Drivers/STM32F1xx_HAL_Driver/stm32f1xx_hal_uart.o
                              0x84cb1 (size before relaxing)
 .debug_str     0x0008afa1      0x1de Src/main.o
                              0x882db (size before relaxing)
 .debug_str     0x0008b17f       0x25 Src/stm32f1xx_hal_msp.o
                              0x84f5f (size before relaxing)
 .debug_str     0x0008b1a4      0x10c Src/stm32f1xx_it.o
                              0x84a94 (size before relaxing)
 .debug_str     0x0008b2b0       0x4d Src/system_stm32f1xx.o
                              0x8436d (size before relaxing)
 .debug_str     0x0008b2fd     0x146c sdbg/sdbg.o
                              0x8871c (size before relaxing)
 .debug_str     0x0008c769       0x2f startup/startup_stm32f103xb.o
                                 0x66 (size before relaxing)

.comment        0x00000000       0x7f
 .comment       0x00000000       0x7f DS1302/ds1302.o
                                 0x80 (size before relaxing)
 .comment       0x0000007f       0x80 Drivers/STM32F1xx_HAL_Driver/stm32f1xx_hal.o
 .comment       0x0000007f       0x80 Drivers/STM32F1xx_HAL_Driver/stm32f1xx_hal_cortex.o
 .comment       0x0000007f       0x80 Drivers/STM32F1xx_HAL_Driver/stm32f1xx_hal_dma.o
 .comment       0x0000007f       0x80 Drivers/STM32F1xx_HAL_Driver/stm32f1xx_hal_gpio.o
 .comment       0x0000007f       0x80 Drivers/STM32F1xx_HAL_Driver/stm32f1xx_hal_rcc.o
 .comment       0x0000007f       0x80 Drivers/STM32F1xx_HAL_Driver/stm32f1xx_hal_spi.o
 .comment       0x0000007f       0x80 Drivers/STM32F1xx_HAL_Driver/stm32f1xx_hal_tim.o
 .comment       0x0000007f       0x80 Drivers/STM32F1xx_HAL_Driver/stm32f1xx_hal_tim_ex.o
 .comment       0x0000007f       0x80 Drivers/STM32F1xx_HAL_Driver/stm32f1xx_hal_uart.o
 .comment       0x0000007f       0x80 Src/main.o
 .comment       0x0000007f       0x80 Src/stm32f1xx_hal_msp.o
 .comment       0x0000007f       0x80 Src/stm32f1xx_it.o
 .comment       0x0000007f       0x80 Src/system_stm32f1xx.o
 .comment       0x0000007f       0x80 sdbg/sdbg.o

.debug_frame    0x00000000     0x3e44
 .debug_frame   0x00000000      0x2f4 DS1302/ds1302.o
 .debug_frame   0x000002f4      0x334 Drivers/STM32F1xx_HAL_Driver/stm32f1xx_hal.o
 .debug_frame   0x00000628      0x428 Drivers/STM32F1xx_HAL_Driver/stm32f1xx_hal_cortex.o
 .debug_frame   0x00000a50      0x208 Drivers/STM32F1xx_HAL_Driver/stm32f1xx_hal_dma.o
 .debug_frame   0x00000c58      0x14c Drivers/STM32F1xx_HAL_Driver/stm32f1xx_hal_gpio.o
 .debug_frame   0x00000da4      0x21c Drivers/STM32F1xx_HAL_Driver/stm32f1xx_hal_rcc.o
 .debug_frame   0x00000fc0      0x824 Drivers/STM32F1xx_HAL_Driver/stm32f1xx_hal_spi.o
 .debug_frame   0x000017e4     0x11b8 Drivers/STM32F1xx_HAL_Driver/stm32f1xx_hal_tim.o
 .debug_frame   0x0000299c      0x638 Drivers/STM32F1xx_HAL_Driver/stm32f1xx_hal_tim_ex.o
 .debug_frame   0x00002fd4      0x834 Drivers/STM32F1xx_HAL_Driver/stm32f1xx_hal_uart.o
 .debug_frame   0x00003808      0x188 Src/main.o
 .debug_frame   0x00003990      0x110 Src/stm32f1xx_hal_msp.o
 .debug_frame   0x00003aa0      0x17c Src/stm32f1xx_it.o
 .debug_frame   0x00003c1c       0x58 Src/system_stm32f1xx.o
 .debug_frame   0x00003c74       0x98 sdbg/sdbg.o
 .debug_frame   0x00003d0c       0x44 c:/ac6/systemworkbench/plugins/fr.ac6.mcu.externaltools.arm-none.win32_1.17.0.201812190825/tools/compiler/bin/../lib/gcc/arm-none-eabi/7.3.1/thumb/v7-m\libgcc.a(_aeabi_ldivmod.o)
 .debug_frame   0x00003d50       0x34 c:/ac6/systemworkbench/plugins/fr.ac6.mcu.externaltools.arm-none.win32_1.17.0.201812190825/tools/compiler/bin/../lib/gcc/arm-none-eabi/7.3.1/thumb/v7-m\libgcc.a(_udivmoddi4.o)
 .debug_frame   0x00003d84       0x2c c:/ac6/systemworkbench/plugins/fr.ac6.mcu.externaltools.arm-none.win32_1.17.0.201812190825/tools/compiler/bin/../lib/gcc/arm-none-eabi/7.3.1/../../../../arm-none-eabi/lib/thumb/v7-m\libc_nano.a(lib_a-init.o)
 .debug_frame   0x00003db0       0x28 c:/ac6/systemworkbench/plugins/fr.ac6.mcu.externaltools.arm-none.win32_1.17.0.201812190825/tools/compiler/bin/../lib/gcc/arm-none-eabi/7.3.1/../../../../arm-none-eabi/lib/thumb/v7-m\libc_nano.a(lib_a-memcpy-stub.o)
 .debug_frame   0x00003dd8       0x20 c:/ac6/systemworkbench/plugins/fr.ac6.mcu.externaltools.arm-none.win32_1.17.0.201812190825/tools/compiler/bin/../lib/gcc/arm-none-eabi/7.3.1/../../../../arm-none-eabi/lib/thumb/v7-m\libc_nano.a(lib_a-memset.o)
 .debug_frame   0x00003df8       0x20 c:/ac6/systemworkbench/plugins/fr.ac6.mcu.externaltools.arm-none.win32_1.17.0.201812190825/tools/compiler/bin/../lib/gcc/arm-none-eabi/7.3.1/../../../../arm-none-eabi/lib/thumb/v7-m\libc_nano.a(lib_a-strcmp.o)
 .debug_frame   0x00003e18       0x2c c:/ac6/systemworkbench/plugins/fr.ac6.mcu.externaltools.arm-none.win32_1.17.0.201812190825/tools/compiler/bin/../lib/gcc/arm-none-eabi/7.3.1/../../../../arm-none-eabi/lib/thumb/v7-m\libc_nano.a(lib_a-strncat.o)
